
===== UPDATE_TRADING_DATES =====
===== UPDATE_TRADING_DATES 完成 =====

===== UPDATE_STOCK_CODES =====
===== UPDATE_STOCK_CODES 完成 =====

===== UPDATE_1D_ORIGIN =====
===== UPDATE_1D_ORIGIN 完成 =====

===== UPDATE_TOP =====
UPDATE_TOP: 主板，2026年1月12日涨停所有股.xlsx
C:\Users\Administrator\AppData\Local\Packages\PythonSoftwareFoundation.Python.3.11_qbz5n2kfra8p0\LocalCache\local-packages\Python311\site-packages\openpyxl\styles\stylesheet.py:237: UserWarning: Workbook contains no default style, apply openpyxl's default
  warn("Workbook contains no default style, apply openpyxl's default")
UPDATE_TOP: 20260112 -> 143 只涨停股
UPDATE_TOP: 主板，2026年1月13日涨停所有股.xlsx
UPDATE_TOP: 20260113 -> 62 只涨停股
UPDATE_TOP: 主板，2026年1月14日涨停所有股.xlsx
UPDATE_TOP: 主板，2026年1月15日涨停所有股.xlsx
C:\Users\Administrator\AppData\Local\Packages\PythonSoftwareFoundation.Python.3.11_qbz5n2kfra8p0\LocalCache\local-packages\Python311\site-packages\openpyxl\styles\stylesheet.py:237: UserWarning: Workbook contains no default style, apply openpyxl's default
  warn("Workbook contains no default style, apply openpyxl's default")
UPDATE_TOP: 20260114 -> 87 只涨停股
UPDATE_TOP: 主板，2026年1月16日涨停所有股.xlsx
UPDATE_TOP: 20260115 -> 58 只涨停股
UPDATE_TOP: 主板，2026年1月19日涨停所有股.xlsx
UPDATE_TOP: 主板，2026年1月20日涨停所有股.xlsx
C:\Users\Administrator\AppData\Local\Packages\PythonSoftwareFoundation.Python.3.11_qbz5n2kfra8p0\LocalCache\local-packages\Python311\site-packages\openpyxl\styles\stylesheet.py:237: UserWarning: Workbook contains no default style, apply openpyxl's default
  warn("Workbook contains no default style, apply openpyxl's default")
UPDATE_TOP: 主板，2026年1月21日涨停所有股.xlsx
UPDATE_TOP: 20260116 -> 57 只涨停股
UPDATE_TOP: 主板，2026年1月22日涨停所有股.xlsx
C:\Users\Administrator\AppData\Local\Packages\PythonSoftwareFoundation.Python.3.11_qbz5n2kfra8p0\LocalCache\local-packages\Python311\site-packages\openpyxl\styles\stylesheet.py:237: UserWarning: Workbook contains no default style, apply openpyxl's default
  warn("Workbook contains no default style, apply openpyxl's default")
UPDATE_TOP: 20260119 -> 96 只涨停股
UPDATE_TOP: 主板，2026年1月23日涨停所有股.xlsx
UPDATE_TOP: 20260120 -> 56 只涨停股
UPDATE_TOP: 20260121 -> 76 只涨停股
UPDATE_TOP: 20260122 -> 77 只涨停股
UPDATE_TOP: 20260123 -> 97 只涨停股
UPDATE_TOP: 主板，2026年1月26日涨停所有股.xlsx
UPDATE_TOP: 主板，2026年1月27日涨停所有股.xlsx
UPDATE_TOP: 主板，2026年1月28日涨停所有股.xlsx
UPDATE_TOP: 主板，2026年1月29日涨停所有股.xlsx
UPDATE_TOP: 主板，2026年1月30日涨停所有股.xlsx
C:\Users\Administrator\AppData\Local\Packages\PythonSoftwareFoundation.Python.3.11_qbz5n2kfra8p0\LocalCache\local-packages\Python311\site-packages\openpyxl\styles\stylesheet.py:237: UserWarning: Workbook contains no default style, apply openpyxl's default
  warn("Workbook contains no default style, apply openpyxl's default")
UPDATE_TOP: 20260126 -> 65 只涨停股
UPDATE_TOP: 主板，2026年1月5日涨停所有股.xlsx
UPDATE_TOP: 20260127 -> 51 只涨停股
UPDATE_TOP: 主板，2026年1月6日涨停所有股.xlsx
UPDATE_TOP: 20260130 -> 46 只涨停股
UPDATE_TOP: 主板，2026年1月7日涨停所有股.xlsx
UPDATE_TOP: 20260129 -> 79 只涨停股
UPDATE_TOP: 主板，2026年1月8日涨停所有股.xlsx
UPDATE_TOP: 20260128 -> 78 只涨停股
UPDATE_TOP: 主板，2026年1月9日涨停所有股.xlsx
UPDATE_TOP: 20260105 -> 92 只涨停股
UPDATE_TOP: 主板，2026年2月10日涨停所有股.xlsx
UPDATE_TOP: 20260107 -> 82 只涨停股
UPDATE_TOP: 20260106 -> 120 只涨停股
UPDATE_TOP: 20260108 -> 96 只涨停股
UPDATE_TOP: 20260210 -> 61 只涨停股
UPDATE_TOP: 20260109 -> 92 只涨停股
UPDATE_TOP: 主板，2026年2月11日涨停所有股.xlsx
UPDATE_TOP: 主板，2026年2月12日涨停所有股.xlsx
UPDATE_TOP: 主板，2026年2月13日涨停所有股.xlsx
UPDATE_TOP: 主板，2026年2月24日涨停所有股.xlsx
C:\Users\Administrator\AppData\Local\Packages\PythonSoftwareFoundation.Python.3.11_qbz5n2kfra8p0\LocalCache\local-packages\Python311\site-packages\openpyxl\styles\stylesheet.py:237: UserWarning: Workbook contains no default style, apply openpyxl's default
  warn("Workbook contains no default style, apply openpyxl's default")
UPDATE_TOP: 20260211 -> 55 只涨停股
UPDATE_TOP: 20260212 -> 63 只涨停股
UPDATE_TOP: 主板，2026年2月25日涨停所有股.xlsx
UPDATE_TOP: 20260213 -> 40 只涨停股
UPDATE_TOP: 主板，2026年2月26日涨停所有股.xlsx
UPDATE_TOP: 主板，2026年2月27日涨停所有股.xlsx
UPDATE_TOP: 主板，2026年2月2日涨停所有股.xlsx
UPDATE_TOP: 主板，2026年2月3日涨停所有股.xlsx
UPDATE_TOP: 20260202 -> 39 只涨停股
UPDATE_TOP: 主板，2026年2月4日涨停所有股.xlsx
UPDATE_TOP: 20260225 -> 89 只涨停股
UPDATE_TOP: 主板，2026年2月5日涨停所有股.xlsx
UPDATE_TOP: 20260227 -> 85 只涨停股
UPDATE_TOP: 主板，2026年2月6日涨停所有股.xlsx
UPDATE_TOP: 20260204 -> 66 只涨停股
UPDATE_TOP: 20260224 -> 99 只涨停股
UPDATE_TOP: 20260226 -> 66 只涨停股
UPDATE_TOP: 20260206 -> 58 只涨停股
UPDATE_TOP: 20260205 -> 50 只涨停股
UPDATE_TOP: 20260203 -> 73 只涨停股
UPDATE_TOP: 主板，2026年2月9日涨停所有股.xlsx
UPDATE_TOP: 主板，2026年3月10日涨停所有股.xlsx
UPDATE_TOP: 主板，2026年3月11日涨停所有股.xlsx
UPDATE_TOP: 主板，2026年3月12日涨停所有股.xlsx
UPDATE_TOP: 主板，2026年3月13日涨停所有股.xlsx
UPDATE_TOP: 主板，2026年3月16日涨停所有股.xlsx
UPDATE_TOP: 20260310 -> 60 只涨停股
UPDATE_TOP: 主板，2026年3月17日涨停所有股.xlsx
UPDATE_TOP: 20260311 -> 59 只涨停股
UPDATE_TOP: 主板，2026年3月18日涨停所有股.xlsx
UPDATE_TOP: 20260312 -> 57 只涨停股
UPDATE_TOP: 主板，2026年3月19日涨停所有股.xlsx
UPDATE_TOP: 20260209 -> 84 只涨停股
UPDATE_TOP: 主板，2026年3月20日涨停所有股.xlsx
UPDATE_TOP: 20260317 -> 46 只涨停股
UPDATE_TOP: 主板，2026年3月23日涨停所有股.xlsx
UPDATE_TOP: 20260319 -> 32 只涨停股
UPDATE_TOP: 主板，2026年3月24日涨停所有股.xlsx
UPDATE_TOP: 20260316 -> 56 只涨停股
UPDATE_TOP: 主板，2026年3月25日涨停所有股.xlsx
UPDATE_TOP: 20260323 -> 31 只涨停股
UPDATE_TOP: 20260320 -> 33 只涨停股
UPDATE_TOP: 20260313 -> 64 只涨停股
UPDATE_TOP: 20260318 -> 60 只涨停股
UPDATE_TOP: 20260325 -> 100 只涨停股
UPDATE_TOP: 20260324 -> 92 只涨停股
UPDATE_TOP: 主板，2026年3月26日涨停所有股.xlsx
UPDATE_TOP: 主板，2026年3月27日涨停所有股.xlsx
UPDATE_TOP: 主板，2026年3月2日涨停所有股.xlsx
UPDATE_TOP: 主板，2026年3月30日涨停所有股.xlsx
UPDATE_TOP: 主板，2026年3月31日涨停所有股.xlsx
UPDATE_TOP: 主板，2026年3月3日涨停所有股.xlsx
C:\Users\Administrator\AppData\Local\Packages\PythonSoftwareFoundation.Python.3.11_qbz5n2kfra8p0\LocalCache\local-packages\Python311\site-packages\openpyxl\styles\stylesheet.py:237: UserWarning: Workbook contains no default style, apply openpyxl's default
  warn("Workbook contains no default style, apply openpyxl's default")
UPDATE_TOP: 主板，2026年3月4日涨停所有股.xlsx
UPDATE_TOP: 20260331 -> 53 只涨停股
UPDATE_TOP: 主板，2026年3月5日涨停所有股.xlsx
UPDATE_TOP: 20260326 -> 50 只涨停股
UPDATE_TOP: 主板，2026年3月6日涨停所有股.xlsx
UPDATE_TOP: 20260327 -> 85 只涨停股
UPDATE_TOP: 主板，2026年3月9日涨停所有股.xlsx
UPDATE_TOP: 20260330 -> 70 只涨停股
UPDATE_TOP: 主板，2026年4月10日涨停所有股.xlsx
UPDATE_TOP: 20260304 -> 39 只涨停股
UPDATE_TOP: 主板，2026年4月13日涨停所有股.xlsx
UPDATE_TOP: 20260305 -> 65 只涨停股
UPDATE_TOP: 主板，2026年4月14日涨停所有股.xlsx
UPDATE_TOP: 20260309 -> 43 只涨停股
UPDATE_TOP: 主板，2026年4月15日涨停所有股.xlsx
UPDATE_TOP: 20260303 -> 70 只涨停股
UPDATE_TOP: 20260302 -> 83 只涨停股
UPDATE_TOP: 20260415 -> 60 只涨停股
UPDATE_TOP: 20260410 -> 71 只涨停股
UPDATE_TOP: 20260413 -> 79 只涨停股
UPDATE_TOP: 20260414 -> 62 只涨停股
UPDATE_TOP: 20260306 -> 80 只涨停股
UPDATE_TOP: 主板，2026年4月16日涨停所有股.xlsx
UPDATE_TOP: 主板，2026年4月17日涨停所有股.xlsx
UPDATE_TOP: 主板，2026年4月1日涨停所有股.xlsx
UPDATE_TOP: 主板，2026年4月20日涨停所有股.xlsx
UPDATE_TOP: 主板，2026年4月21日涨停所有股.xlsx
UPDATE_TOP: 主板，2026年4月22日涨停所有股.xlsx
UPDATE_TOP: 主板，2026年4月23日涨停所有股.xlsx
UPDATE_TOP: 20260420 -> 86 只涨停股
UPDATE_TOP: 主板，2026年4月24日涨停所有股.xlsx
UPDATE_TOP: 主板，2026年4月27日涨停所有股.xlsx
C:\Users\Administrator\AppData\Local\Packages\PythonSoftwareFoundation.Python.3.11_qbz5n2kfra8p0\LocalCache\local-packages\Python311\site-packages\openpyxl\styles\stylesheet.py:237: UserWarning: Workbook contains no default style, apply openpyxl's default
  warn("Workbook contains no default style, apply openpyxl's default")
UPDATE_TOP: 20260422 -> 57 只涨停股
UPDATE_TOP: 主板，2026年4月28日涨停所有股.xlsx
UPDATE_TOP: 20260417 -> 64 只涨停股
UPDATE_TOP: 主板，2026年4月29日涨停所有股.xlsx
UPDATE_TOP: 20260401 -> 58 只涨停股
UPDATE_TOP: 主板，2026年4月2日涨停所有股.xlsx
UPDATE_TOP: 20260416 -> 76 只涨停股
UPDATE_TOP: 主板，2026年4月30日涨停所有股.xlsx
UPDATE_TOP: 20260428 -> 71 只涨停股
UPDATE_TOP: 主板，2026年4月3日涨停所有股.xlsx
UPDATE_TOP: 20260421 -> 54 只涨停股
UPDATE_TOP: 主板，2026年4月7日涨停所有股.xlsx
UPDATE_TOP: 20260424 -> 61 只涨停股
UPDATE_TOP: 20260423 -> 51 只涨停股
UPDATE_TOP: 20260402 -> 27 只涨停股
UPDATE_TOP: 20260427 -> 73 只涨停股
UPDATE_TOP: 20260403 -> 29 只涨停股
UPDATE_TOP: 20260407 -> 94 只涨停股
UPDATE_TOP: 20260429 -> 111 只涨停股
UPDATE_TOP: 20260430 -> 88 只涨停股
UPDATE_TOP: 主板，2026年4月8日涨停所有股.xlsx
UPDATE_TOP: 主板，2026年4月9日涨停所有股.xlsx
UPDATE_TOP: 主板，2026年5月11日涨停所有股.xlsx
UPDATE_TOP: 主板，2026年5月12日涨停所有股.xlsxUPDATE_TOP: 主板，2026年5月13日涨停所有股.xlsx
UPDATE_TOP: 主板，2026年5月14日涨停所有股.xlsx

UPDATE_TOP: 主板，2026年5月15日涨停所有股.xlsx
UPDATE_TOP: 主板，2026年5月18日涨停所有股.xlsx
UPDATE_TOP: 20260409 -> 59 只涨停股
UPDATE_TOP: 主板，2026年5月19日涨停所有股.xlsx
UPDATE_TOP: 20260408 -> 120 只涨停股
UPDATE_TOP: 主板，2026年5月20日涨停所有股.xlsx
UPDATE_TOP: 主板，2026年5月21日涨停所有股.xlsx
UPDATE_TOP: 20260513 -> 138 只涨停股
UPDATE_TOP: 主板，2026年5月22日涨停所有股.xlsx
C:\Users\Administrator\AppData\Local\Packages\PythonSoftwareFoundation.Python.3.11_qbz5n2kfra8p0\LocalCache\local-packages\Python311\site-packages\openpyxl\styles\stylesheet.py:237: UserWarning: Workbook contains no default style, apply openpyxl's default
  warn("Workbook contains no default style, apply openpyxl's default")
UPDATE_TOP: 20260511 -> 118 只涨停股
UPDATE_TOP: 主板，2026年5月25日涨停所有股.xlsx
UPDATE_TOP: 20260512 -> 88 只涨停股
UPDATE_TOP: 主板，2026年5月26日涨停所有股.xlsx
UPDATE_TOP: 20260520 -> 60 只涨停股
UPDATE_TOP: 主板，2026年5月27日涨停所有股.xlsx
UPDATE_TOP: 20260525 -> 116 只涨停股
UPDATE_TOP: 主板，2026年5月28日涨停所有股.xlsx
UPDATE_TOP: 20260521 -> 33 只涨停股
UPDATE_TOP: 20260518 -> 91 只涨停股
UPDATE_TOP: 20260515 -> 64 只涨停股
UPDATE_TOP: 20260522 -> 121 只涨停股
UPDATE_TOP: 20260527 -> 60 只涨停股
UPDATE_TOP: 20260514 -> 75 只涨停股
UPDATE_TOP: 20260519 -> 107 只涨停股
UPDATE_TOP: 20260526 -> 60 只涨停股
UPDATE_TOP: 20260528 -> 116 只涨停股
UPDATE_TOP: 主板，2026年5月29日涨停所有股.xlsx
UPDATE_TOP: 主板，2026年5月6日涨停所有股.xlsx
UPDATE_TOP: 主板，2026年5月7日涨停所有股.xlsx
UPDATE_TOP: 主板，2026年5月8日涨停所有股.xlsx
UPDATE_TOP: 20260529 -> 62 只涨停股
UPDATE_TOP: 主板，2026年6月10日涨停所有股.xlsx
UPDATE_TOP: 主板，2026年6月11日涨停所有股.xlsx
UPDATE_TOP: 主板，2026年6月12日涨停所有股.xlsx
UPDATE_TOP: 主板，2026年6月15日涨停所有股.xlsx
UPDATE_TOP: 主板，2026年6月16日涨停所有股.xlsx
UPDATE_TOP: 主板，2026年6月17日涨停所有股.xlsx
UPDATE_TOP: 20260610 -> 69 只涨停股
UPDATE_TOP: 主板，2026年6月18日涨停所有股.xlsx
UPDATE_TOP: 20260506 -> 112 只涨停股
UPDATE_TOP: 主板，2026年6月1日涨停所有股.xlsx
UPDATE_TOP: 20260611 -> 65 只涨停股
UPDATE_TOP: 主板，2026年6月22日涨停所有股.xlsx
UPDATE_TOP: 20260507 -> 118 只涨停股
UPDATE_TOP: 主板，2026年6月23日涨停所有股.xlsx
UPDATE_TOP: 20260618 -> 87 只涨停股
UPDATE_TOP: 主板，2026年6月24日涨停所有股.xlsx
UPDATE_TOP: 20260617 -> 77 只涨停股
UPDATE_TOP: 主板，2026年6月25日涨停所有股.xlsx
UPDATE_TOP: 20260622 -> 134 只涨停股
UPDATE_TOP: 主板，2026年6月26日涨停所有股.xlsx
UPDATE_TOP: 20260612 -> 92 只涨停股
UPDATE_TOP: 20260623 -> 113 只涨停股
UPDATE_TOP: 20260626 -> 65 只涨停股
UPDATE_TOP: 20260624 -> 97 只涨停股
UPDATE_TOP: 20260615 -> 142 只涨停股
UPDATE_TOP: 20260601 -> 154 只涨停股
UPDATE_TOP: 20260625 -> 83 只涨停股
UPDATE_TOP: 20260616 -> 125 只涨停股
UPDATE_TOP: 20260508 -> 116 只涨停股
UPDATE_TOP: 主板，2026年6月29日涨停所有股.xlsx
UPDATE_TOP: 主板，2026年6月2日涨停所有股.xlsx
UPDATE_TOP: 主板，2026年6月30日涨停所有股.xlsx
UPDATE_TOP: 主板，2026年6月3日涨停所有股.xlsx
UPDATE_TOP: 主板，2026年6月4日涨停所有股.xlsx
UPDATE_TOP: 主板，2026年6月5日涨停所有股.xlsx
UPDATE_TOP: 主板，2026年6月8日涨停所有股.xlsx
UPDATE_TOP: 主板，2026年6月9日涨停所有股.xlsx
C:\Users\Administrator\AppData\Local\Packages\PythonSoftwareFoundation.Python.3.11_qbz5n2kfra8p0\LocalCache\local-packages\Python311\site-packages\openpyxl\styles\stylesheet.py:237: UserWarning: Workbook contains no default style, apply openpyxl's default
  warn("Workbook contains no default style, apply openpyxl's default")
UPDATE_TOP: 主板，2026年7月10日涨停所有股.xlsx
UPDATE_TOP: 主板，2026年7月13日涨停所有股.xlsx
UPDATE_TOP: 主板，2026年7月14日涨停所有股.xlsx
UPDATE_TOP: 主板，2026年7月15日涨停所有股.xlsx
UPDATE_TOP: 20260608 -> 53 只涨停股
UPDATE_TOP: 主板，2026年7月16日涨停所有股.xlsx
UPDATE_TOP: 20260629 -> 105 只涨停股
UPDATE_TOP: 20260630 -> 141 只涨停股
UPDATE_TOP: 主板，2026年7月17日涨停所有股.xlsx
UPDATE_TOP: 主板，2026年7月1日涨停所有股.xlsx
C:\Users\Administrator\AppData\Local\Packages\PythonSoftwareFoundation.Python.3.11_qbz5n2kfra8p0\LocalCache\local-packages\Python311\site-packages\openpyxl\styles\stylesheet.py:237: UserWarning: Workbook contains no default style, apply openpyxl's default
  warn("Workbook contains no default style, apply openpyxl's default")
C:\Users\Administrator\AppData\Local\Packages\PythonSoftwareFoundation.Python.3.11_qbz5n2kfra8p0\LocalCache\local-packages\Python311\site-packages\openpyxl\styles\stylesheet.py:237: UserWarning: Workbook contains no default style, apply openpyxl's default
  warn("Workbook contains no default style, apply openpyxl's default")
UPDATE_TOP: 20260716 -> 43 只涨停股
UPDATE_TOP: 主板，2026年7月20日涨停所有股.xlsx
UPDATE_TOP: 20260602 -> 85 只涨停股
UPDATE_TOP: 主板，2026年7月21日涨停所有股.xlsx
UPDATE_TOP: 20260603 -> 75 只涨停股
UPDATE_TOP: 主板，2026年7月22日涨停所有股.xlsx
UPDATE_TOP: 20260605 -> 73 只涨停股
UPDATE_TOP: 20260701 -> 198 只涨停股
UPDATE_TOP: 20260714 -> 76 只涨停股
UPDATE_TOP: 20260715 -> 67 只涨停股
UPDATE_TOP: 20260722 -> 41 只涨停股
UPDATE_TOP: 20260710 -> 82 只涨停股
UPDATE_TOP: 20260604 -> 79 只涨停股
UPDATE_TOP: 20260720 -> 49 只涨停股
UPDATE_TOP: 20260713 -> 28 只涨停股
UPDATE_TOP: 20260717 -> 32 只涨停股
UPDATE_TOP: 20260721 -> 82 只涨停股
UPDATE_TOP: 20260609 -> 120 只涨停股
UPDATE_TOP: 主板，2026年7月23日涨停所有股.xlsx
UPDATE_TOP: 主板，2026年7月24日涨停所有股.xlsx
UPDATE_TOP: 主板，2026年7月27日涨停所有股.xlsx
UPDATE_TOP: 主板，2026年7月28日涨停所有股.xlsx
UPDATE_TOP: 主板，2026年7月29日涨停所有股.xlsx
UPDATE_TOP: 主板，2026年7月2日涨停所有股.xlsx
UPDATE_TOP: 主板，2026年7月30日涨停所有股.xlsx
UPDATE_TOP: 主板，2026年7月31日涨停所有股.xlsx
UPDATE_TOP: 主板，2026年7月3日涨停所有股.xlsx
UPDATE_TOP: 主板，2026年7月6日涨停所有股.xlsx
UPDATE_TOP: 20260728 -> 60 只涨停股
UPDATE_TOP: 主板，2026年7月7日涨停所有股.xlsx
UPDATE_TOP: 主板，2026年7月9日涨停所有股.xlsx
UPDATE_TOP: 主板，2026年7月8日涨停所有股.xlsx
UPDATE_TOP: 主板，2026年8月10日涨停所有股.xlsx
C:\Users\Administrator\AppData\Local\Packages\PythonSoftwareFoundation.Python.3.11_qbz5n2kfra8p0\LocalCache\local-packages\Python311\site-packages\openpyxl\styles\stylesheet.py:237: UserWarning: Workbook contains no default style, apply openpyxl's default
  warn("Workbook contains no default style, apply openpyxl's default")
UPDATE_TOP: 20260731 -> 88 只涨停股
UPDATE_TOP: 主板，2026年8月11日涨停所有股.xlsx
UPDATE_TOP: 20260707 -> 31 只涨停股
UPDATE_TOP: 主板，2026年8月12日涨停所有股.xlsx
UPDATE_TOP: 20260709 -> 63 只涨停股
UPDATE_TOP: 主板，2026年8月13日涨停所有股.xlsx
UPDATE_TOP: 20260724 -> 34 只涨停股
UPDATE_TOP: 主板，2026年8月14日涨停所有股.xlsx
UPDATE_TOP: 20260703 -> 145 只涨停股
UPDATE_TOP: 主板，2026年8月17日涨停所有股.xlsx
UPDATE_TOP: 20260813 -> 52 只涨停股
UPDATE_TOP: 20260811 -> 55 只涨停股
UPDATE_TOP: 20260812 -> 89 只涨停股
UPDATE_TOP: 20260730 -> 49 只涨停股
UPDATE_TOP: 20260708 -> 49 只涨停股
UPDATE_TOP: 20260706 -> 64 只涨停股
UPDATE_TOP: 20260817 -> 96 只涨停股
UPDATE_TOP: 20260723 -> 114 只涨停股
UPDATE_TOP: 20260810 -> 96 只涨停股
UPDATE_TOP: 20260729 -> 76 只涨停股
UPDATE_TOP: 20260814 -> 52 只涨停股
UPDATE_TOP: 20260702 -> 147 只涨停股
UPDATE_TOP: 20260727 -> 108 只涨停股
UPDATE_TOP: 主板，2026年8月18日涨停所有股.xlsx
UPDATE_TOP: 主板，2026年8月19日涨停所有股.xlsx
UPDATE_TOP: 主板，2026年8月3日涨停所有股.xlsx
UPDATE_TOP: 主板，2026年8月4日涨停所有股.xlsx
UPDATE_TOP: 主板，2026年8月5日涨停所有股.xlsx
UPDATE_TOP: 主板，2026年8月6日涨停所有股.xlsx
UPDATE_TOP: 主板，2026年8月7日涨停所有股.xlsx
UPDATE_TOP: 20260818 -> 70 只涨停股
UPDATE_TOP: 20260819 -> 33 只涨停股
UPDATE_TOP: 20260803 -> 75 只涨停股
UPDATE_TOP: 20260806 -> 73 只涨停股
UPDATE_TOP: 20260804 -> 124 只涨停股
UPDATE_TOP: 20260805 -> 94 只涨停股
UPDATE_TOP: 20260807 -> 58 只涨停股
===== UPDATE_TOP 完成 =====

===== UPDATE_1D =====
===== UPDATE_1D 完成 =====

===== UPDATE_STRATEGY_TPO_3 =====
UPDATE_TARGET_TPO: 20260105
UPDATE_TARGET_TPO: 20260106
UPDATE_TARGET_TPO: 20260107
UPDATE_TARGET_TPO: 20260108
UPDATE_TARGET_TPO: 20260109
UPDATE_TARGET_TPO: 20260112
UPDATE_TARGET_TPO: 20260113
UPDATE_TARGET_TPO: 20260114
UPDATE_TARGET_TPO: 20260115
UPDATE_TARGET_TPO: 20260116
UPDATE_TARGET_TPO: 20260119
UPDATE_TARGET_TPO: 20260120
UPDATE_TARGET_TPO: 20260121
UPDATE_TARGET_TPO: 20260122
UPDATE_TARGET_TPO: 20260123
UPDATE_TARGET_TPO: 20260126
UPDATE_TARGET_TPO: 20260127
UPDATE_TARGET_TPO: 20260128
UPDATE_TARGET_TPO: 20260129
UPDATE_TARGET_TPO: 20260130
UPDATE_TARGET_TPO: 20260202
UPDATE_TARGET_TPO: 20260203
UPDATE_TARGET_TPO: 20260204
UPDATE_TARGET_TPO: 20260205
UPDATE_TARGET_TPO: 20260206
UPDATE_TARGET_TPO: 20260209
UPDATE_TARGET_TPO: 20260210
UPDATE_TARGET_TPO: 20260211
UPDATE_TARGET_TPO: 20260212
UPDATE_TARGET_TPO: 20260213
UPDATE_TARGET_TPO: 20260224
UPDATE_TARGET_TPO: 20260225
UPDATE_TARGET_TPO: 20260226
UPDATE_TARGET_TPO: 20260227
UPDATE_TARGET_TPO: 20260302
UPDATE_TARGET_TPO: 20260303
UPDATE_TARGET_TPO: 20260304
UPDATE_TARGET_TPO: 20260305
UPDATE_TARGET_TPO: 20260306
UPDATE_TARGET_TPO: 20260309
UPDATE_TARGET_TPO: 20260310
UPDATE_TARGET_TPO: 20260311
UPDATE_TARGET_TPO: 20260312
UPDATE_TARGET_TPO: 20260313
UPDATE_TARGET_TPO: 20260316
UPDATE_TARGET_TPO: 20260317
UPDATE_TARGET_TPO: 20260318
UPDATE_TARGET_TPO: 20260319
UPDATE_TARGET_TPO: 20260320
UPDATE_TARGET_TPO: 20260323
UPDATE_TARGET_TPO: 20260324
UPDATE_TARGET_TPO: 20260325
UPDATE_TARGET_TPO: 20260326
UPDATE_TARGET_TPO: 20260327
UPDATE_TARGET_TPO: 20260330
UPDATE_TARGET_TPO: 20260331
UPDATE_TARGET_TPO: 20260401
UPDATE_TARGET_TPO: 20260402
UPDATE_TARGET_TPO: 20260403
UPDATE_TARGET_TPO: 20260407
UPDATE_TARGET_TPO: 20260408
UPDATE_TARGET_TPO: 20260409
UPDATE_TARGET_TPO: 20260410
UPDATE_TARGET_TPO: 20260413
UPDATE_TARGET_TPO: 20260414
UPDATE_TARGET_TPO: 20260415
UPDATE_TARGET_TPO: 20260416
UPDATE_TARGET_TPO: 20260417
UPDATE_TARGET_TPO: 20260420
UPDATE_TARGET_TPO: 20260421
UPDATE_TARGET_TPO: 20260422
UPDATE_TARGET_TPO: 20260423
UPDATE_TARGET_TPO: 20260424
UPDATE_TARGET_TPO: 20260427
UPDATE_TARGET_TPO: 20260428
UPDATE_TARGET_TPO: 20260429
UPDATE_TARGET_TPO: 20260430
UPDATE_TARGET_TPO: 20260506
UPDATE_TARGET_TPO: 20260507
UPDATE_TARGET_TPO: 20260508
UPDATE_TARGET_TPO: 20260511
UPDATE_TARGET_TPO: 20260512
UPDATE_TARGET_TPO: 20260513
UPDATE_TARGET_TPO: 20260514
UPDATE_TARGET_TPO: 20260515
UPDATE_TARGET_TPO: 20260518
UPDATE_TARGET_TPO: 20260519
UPDATE_TARGET_TPO: 20260520
UPDATE_TARGET_TPO: 20260521
UPDATE_TARGET_TPO: 20260522
UPDATE_TARGET_TPO: 20260525
UPDATE_TARGET_TPO: 20260526
UPDATE_TARGET_TPO: 20260527
UPDATE_TARGET_TPO: 20260528
UPDATE_TARGET_TPO: 20260529
UPDATE_TARGET_TPO: 20260601
UPDATE_TARGET_TPO: 20260602
UPDATE_TARGET_TPO: 20260603
UPDATE_TARGET_TPO: 20260604
UPDATE_TARGET_TPO: 20260605
UPDATE_TARGET_TPO: 20260608
UPDATE_TARGET_TPO: 20260609
UPDATE_TARGET_TPO: 20260610
UPDATE_TARGET_TPO: 20260611
UPDATE_TARGET_TPO: 20260612
UPDATE_TARGET_TPO: 20260615
UPDATE_TARGET_TPO: 20260616
UPDATE_TARGET_TPO: 20260617
UPDATE_TARGET_TPO: 20260618
UPDATE_TARGET_TPO: 20260622
UPDATE_TARGET_TPO: 20260623
UPDATE_TARGET_TPO: 20260624
UPDATE_TARGET_TPO: 20260625
UPDATE_TARGET_TPO: 20260626
UPDATE_TARGET_TPO: 20260629
UPDATE_TARGET_TPO: 20260630
UPDATE_TARGET_TPO: 20260701
UPDATE_TARGET_TPO: 20260702
UPDATE_TARGET_TPO: 20260703
UPDATE_TARGET_TPO: 20260706
UPDATE_TARGET_TPO: 20260707
UPDATE_TARGET_TPO: 20260708
UPDATE_TARGET_TPO: 20260709
UPDATE_TARGET_TPO: 20260710
UPDATE_TARGET_TPO: 20260713
UPDATE_TARGET_TPO: 20260714
UPDATE_TARGET_TPO: 20260715
UPDATE_TARGET_TPO: 20260716
UPDATE_TARGET_TPO: 20260717
UPDATE_TARGET_TPO: 20260720
UPDATE_TARGET_TPO: 20260721
UPDATE_TARGET_TPO: 20260722
UPDATE_TARGET_TPO: 20260723
UPDATE_TARGET_TPO: 20260724
UPDATE_TARGET_TPO: 20260727
UPDATE_TARGET_TPO: 20260728
UPDATE_TARGET_TPO: 20260729
UPDATE_TARGET_TPO: 20260730
UPDATE_TARGET_TPO: 20260731
UPDATE_TARGET_TPO: 20260803
UPDATE_TARGET_TPO: 20260804
UPDATE_TARGET_TPO: 20260805
UPDATE_TARGET_TPO: 20260806
UPDATE_TARGET_TPO: 20260807
UPDATE_TARGET_TPO: 20260810
UPDATE_TARGET_TPO: 20260812
UPDATE_TARGET_TPO: 20260811
UPDATE_TARGET_TPO: 20260813
UPDATE_TARGET_TPO: 20260814
UPDATE_TARGET_TPO: 20260817
UPDATE_TARGET_TPO: 20260818
UPDATE_TARGET_TPO: 20260819
===== UPDATE_STRATEGY_TPO_3 完成 =====

===== UPDATE_STRATEGY_TPO_4 =====
UPDATE_TARGET_TPO: 20260105
UPDATE_TARGET_TPO: 20260106
UPDATE_TARGET_TPO: 20260107
UPDATE_TARGET_TPO: 20260108
UPDATE_TARGET_TPO: 20260109
UPDATE_TARGET_TPO: 20260112
UPDATE_TARGET_TPO: 20260113
UPDATE_TARGET_TPO: 20260114
UPDATE_TARGET_TPO: 20260115
UPDATE_TARGET_TPO: 20260116
UPDATE_TARGET_TPO: 20260119
UPDATE_TARGET_TPO: 20260120
UPDATE_TARGET_TPO: 20260121
UPDATE_TARGET_TPO: 20260122
UPDATE_TARGET_TPO: 20260123
UPDATE_TARGET_TPO: 20260126
UPDATE_TARGET_TPO: 20260127
UPDATE_TARGET_TPO: 20260128
UPDATE_TARGET_TPO: 20260129
UPDATE_TARGET_TPO: 20260130
UPDATE_TARGET_TPO: 20260202
UPDATE_TARGET_TPO: 20260203
UPDATE_TARGET_TPO: 20260204
UPDATE_TARGET_TPO: 20260205
UPDATE_TARGET_TPO: 20260206
UPDATE_TARGET_TPO: 20260209
UPDATE_TARGET_TPO: 20260210
UPDATE_TARGET_TPO: 20260211
UPDATE_TARGET_TPO: 20260212
UPDATE_TARGET_TPO: 20260213
UPDATE_TARGET_TPO: 20260224
UPDATE_TARGET_TPO: 20260225
UPDATE_TARGET_TPO: 20260226
UPDATE_TARGET_TPO: 20260227
UPDATE_TARGET_TPO: 20260302
UPDATE_TARGET_TPO: 20260303
UPDATE_TARGET_TPO: 20260304
UPDATE_TARGET_TPO: 20260305
UPDATE_TARGET_TPO: 20260306
UPDATE_TARGET_TPO: 20260309
UPDATE_TARGET_TPO: 20260310
UPDATE_TARGET_TPO: 20260311
UPDATE_TARGET_TPO: 20260312
UPDATE_TARGET_TPO: 20260313
UPDATE_TARGET_TPO: 20260316
UPDATE_TARGET_TPO: 20260317
UPDATE_TARGET_TPO: 20260318
UPDATE_TARGET_TPO: 20260319
UPDATE_TARGET_TPO: 20260320
UPDATE_TARGET_TPO: 20260323
UPDATE_TARGET_TPO: 20260324
UPDATE_TARGET_TPO: 20260325
UPDATE_TARGET_TPO: 20260326
UPDATE_TARGET_TPO: 20260327
UPDATE_TARGET_TPO: 20260330
UPDATE_TARGET_TPO: 20260331
UPDATE_TARGET_TPO: 20260401
UPDATE_TARGET_TPO: 20260402
UPDATE_TARGET_TPO: 20260403
UPDATE_TARGET_TPO: 20260407
UPDATE_TARGET_TPO: 20260408
UPDATE_TARGET_TPO: 20260409
UPDATE_TARGET_TPO: 20260410
UPDATE_TARGET_TPO: 20260413
UPDATE_TARGET_TPO: 20260414
UPDATE_TARGET_TPO: 20260415
UPDATE_TARGET_TPO: 20260416
UPDATE_TARGET_TPO: 20260417
UPDATE_TARGET_TPO: 20260420
UPDATE_TARGET_TPO: 20260421
UPDATE_TARGET_TPO: 20260422
UPDATE_TARGET_TPO: 20260423
UPDATE_TARGET_TPO: 20260424
UPDATE_TARGET_TPO: 20260427
UPDATE_TARGET_TPO: 20260428
UPDATE_TARGET_TPO: 20260429
UPDATE_TARGET_TPO: 20260430
UPDATE_TARGET_TPO: 20260506
UPDATE_TARGET_TPO: 20260507
UPDATE_TARGET_TPO: 20260508
UPDATE_TARGET_TPO: 20260511
UPDATE_TARGET_TPO: 20260512
UPDATE_TARGET_TPO: 20260513
UPDATE_TARGET_TPO: 20260514
UPDATE_TARGET_TPO: 20260515
UPDATE_TARGET_TPO: 20260518
UPDATE_TARGET_TPO: 20260519
UPDATE_TARGET_TPO: 20260520
UPDATE_TARGET_TPO: 20260521
UPDATE_TARGET_TPO: 20260522
UPDATE_TARGET_TPO: 20260526
UPDATE_TARGET_TPO: 20260525
UPDATE_TARGET_TPO: 20260527
UPDATE_TARGET_TPO: 20260528
UPDATE_TARGET_TPO: 20260529
UPDATE_TARGET_TPO: 20260601
UPDATE_TARGET_TPO: 20260602
UPDATE_TARGET_TPO: 20260603
UPDATE_TARGET_TPO: 20260604
UPDATE_TARGET_TPO: 20260605
UPDATE_TARGET_TPO: 20260608
UPDATE_TARGET_TPO: 20260609
UPDATE_TARGET_TPO: 20260610
UPDATE_TARGET_TPO: 20260611
UPDATE_TARGET_TPO: 20260612
UPDATE_TARGET_TPO: 20260615
UPDATE_TARGET_TPO: 20260616
UPDATE_TARGET_TPO: 20260617
UPDATE_TARGET_TPO: 20260622
UPDATE_TARGET_TPO: 20260618
UPDATE_TARGET_TPO: 20260623
UPDATE_TARGET_TPO: 20260624
UPDATE_TARGET_TPO: 20260625
UPDATE_TARGET_TPO: 20260626
UPDATE_TARGET_TPO: 20260629
UPDATE_TARGET_TPO: 20260630
UPDATE_TARGET_TPO: 20260701
UPDATE_TARGET_TPO: 20260702
UPDATE_TARGET_TPO: 20260703
UPDATE_TARGET_TPO: 20260706
UPDATE_TARGET_TPO: 20260707
UPDATE_TARGET_TPO: 20260708
UPDATE_TARGET_TPO: 20260709
UPDATE_TARGET_TPO: 20260710
UPDATE_TARGET_TPO: 20260713
UPDATE_TARGET_TPO: 20260714
UPDATE_TARGET_TPO: 20260715
UPDATE_TARGET_TPO: 20260716
UPDATE_TARGET_TPO: 20260717
UPDATE_TARGET_TPO: 20260720
UPDATE_TARGET_TPO: 20260721
UPDATE_TARGET_TPO: 20260722
UPDATE_TARGET_TPO: 20260723
UPDATE_TARGET_TPO: 20260724
UPDATE_TARGET_TPO: 20260727
UPDATE_TARGET_TPO: 20260728
UPDATE_TARGET_TPO: 20260729
UPDATE_TARGET_TPO: 20260730
UPDATE_TARGET_TPO: 20260731
UPDATE_TARGET_TPO: 20260803
UPDATE_TARGET_TPO: 20260804
UPDATE_TARGET_TPO: 20260805
UPDATE_TARGET_TPO: 20260806
UPDATE_TARGET_TPO: 20260807
UPDATE_TARGET_TPO: 20260810
UPDATE_TARGET_TPO: 20260811
UPDATE_TARGET_TPO: 20260812
UPDATE_TARGET_TPO: 20260813
UPDATE_TARGET_TPO: 20260814
UPDATE_TARGET_TPO: 20260817
UPDATE_TARGET_TPO: 20260818
UPDATE_TARGET_TPO: 20260819
===== UPDATE_STRATEGY_TPO_4 完成 =====

===== UPDATE_STRATEGY_TPO_5 =====
UPDATE_TARGET_TPO: 20260105
UPDATE_TARGET_TPO: 20260106
UPDATE_TARGET_TPO: 20260107
UPDATE_TARGET_TPO: 20260108
UPDATE_TARGET_TPO: 20260109
UPDATE_TARGET_TPO: 20260112
UPDATE_TARGET_TPO: 20260113
UPDATE_TARGET_TPO: 20260114
UPDATE_TARGET_TPO: 20260115
UPDATE_TARGET_TPO: 20260116
UPDATE_TARGET_TPO: 20260119
UPDATE_TARGET_TPO: 20260120
UPDATE_TARGET_TPO: 20260121
UPDATE_TARGET_TPO: 20260122
UPDATE_TARGET_TPO: 20260123
UPDATE_TARGET_TPO: 20260126
UPDATE_TARGET_TPO: 20260127
UPDATE_TARGET_TPO: 20260128
UPDATE_TARGET_TPO: 20260129
UPDATE_TARGET_TPO: 20260130
UPDATE_TARGET_TPO: 20260202
UPDATE_TARGET_TPO: 20260203
UPDATE_TARGET_TPO: 20260204
UPDATE_TARGET_TPO: 20260205
UPDATE_TARGET_TPO: 20260206
UPDATE_TARGET_TPO: 20260209
UPDATE_TARGET_TPO: 20260210
UPDATE_TARGET_TPO: 20260211
UPDATE_TARGET_TPO: 20260212
UPDATE_TARGET_TPO: 20260213
UPDATE_TARGET_TPO: 20260224
UPDATE_TARGET_TPO: 20260225
UPDATE_TARGET_TPO: 20260226
UPDATE_TARGET_TPO: 20260227
UPDATE_TARGET_TPO: 20260302
UPDATE_TARGET_TPO: 20260303
UPDATE_TARGET_TPO: 20260304
UPDATE_TARGET_TPO: 20260305
UPDATE_TARGET_TPO: 20260306
UPDATE_TARGET_TPO: 20260309
UPDATE_TARGET_TPO: 20260310
UPDATE_TARGET_TPO: 20260311
UPDATE_TARGET_TPO: 20260312
UPDATE_TARGET_TPO: 20260313
UPDATE_TARGET_TPO: 20260316
UPDATE_TARGET_TPO: 20260317
UPDATE_TARGET_TPO: 20260318
UPDATE_TARGET_TPO: 20260319
UPDATE_TARGET_TPO: 20260320
UPDATE_TARGET_TPO: 20260323
UPDATE_TARGET_TPO: 20260324
UPDATE_TARGET_TPO: 20260325
UPDATE_TARGET_TPO: 20260326
UPDATE_TARGET_TPO: 20260327
UPDATE_TARGET_TPO: 20260330
UPDATE_TARGET_TPO: 20260331
UPDATE_TARGET_TPO: 20260401
UPDATE_TARGET_TPO: 20260402
UPDATE_TARGET_TPO: 20260403
UPDATE_TARGET_TPO: 20260407
UPDATE_TARGET_TPO: 20260408
UPDATE_TARGET_TPO: 20260409
UPDATE_TARGET_TPO: 20260410
UPDATE_TARGET_TPO: 20260413
UPDATE_TARGET_TPO: 20260414
UPDATE_TARGET_TPO: 20260415
UPDATE_TARGET_TPO: 20260416
UPDATE_TARGET_TPO: 20260417
UPDATE_TARGET_TPO: 20260420
UPDATE_TARGET_TPO: 20260421
UPDATE_TARGET_TPO: 20260422
UPDATE_TARGET_TPO: 20260423
UPDATE_TARGET_TPO: 20260424
UPDATE_TARGET_TPO: 20260427
UPDATE_TARGET_TPO: 20260428
UPDATE_TARGET_TPO: 20260429
UPDATE_TARGET_TPO: 20260430
UPDATE_TARGET_TPO: 20260506
UPDATE_TARGET_TPO: 20260507
UPDATE_TARGET_TPO: 20260508
UPDATE_TARGET_TPO: 20260511
UPDATE_TARGET_TPO: 20260512
UPDATE_TARGET_TPO: 20260513
UPDATE_TARGET_TPO: 20260514
UPDATE_TARGET_TPO: 20260515
UPDATE_TARGET_TPO: 20260518
UPDATE_TARGET_TPO: 20260519
UPDATE_TARGET_TPO: 20260520
UPDATE_TARGET_TPO: 20260521
UPDATE_TARGET_TPO: 20260522
UPDATE_TARGET_TPO: 20260525
UPDATE_TARGET_TPO: 20260526
UPDATE_TARGET_TPO: 20260527
UPDATE_TARGET_TPO: 20260528
UPDATE_TARGET_TPO: 20260529
UPDATE_TARGET_TPO: 20260601
UPDATE_TARGET_TPO: 20260602
UPDATE_TARGET_TPO: 20260603
UPDATE_TARGET_TPO: 20260604
UPDATE_TARGET_TPO: 20260605
UPDATE_TARGET_TPO: 20260608
UPDATE_TARGET_TPO: 20260609
UPDATE_TARGET_TPO: 20260610
UPDATE_TARGET_TPO: 20260611
UPDATE_TARGET_TPO: 20260612
UPDATE_TARGET_TPO: 20260615
UPDATE_TARGET_TPO: 20260616
UPDATE_TARGET_TPO: 20260617
UPDATE_TARGET_TPO: 20260618
UPDATE_TARGET_TPO: 20260622
UPDATE_TARGET_TPO: 20260623
UPDATE_TARGET_TPO: 20260624
UPDATE_TARGET_TPO: 20260625
UPDATE_TARGET_TPO: 20260626
UPDATE_TARGET_TPO: 20260629
UPDATE_TARGET_TPO: 20260630
UPDATE_TARGET_TPO: 20260701
UPDATE_TARGET_TPO: 20260702
UPDATE_TARGET_TPO: 20260703
UPDATE_TARGET_TPO: 20260706
UPDATE_TARGET_TPO: 20260707
UPDATE_TARGET_TPO: 20260708
UPDATE_TARGET_TPO: 20260709
UPDATE_TARGET_TPO: 20260710
UPDATE_TARGET_TPO: 20260713
UPDATE_TARGET_TPO: 20260714
UPDATE_TARGET_TPO: 20260715
UPDATE_TARGET_TPO: 20260716
UPDATE_TARGET_TPO: 20260717
UPDATE_TARGET_TPO: 20260720
UPDATE_TARGET_TPO: 20260721
UPDATE_TARGET_TPO: 20260722
UPDATE_TARGET_TPO: 20260723
UPDATE_TARGET_TPO: 20260727
UPDATE_TARGET_TPO: 20260724
UPDATE_TARGET_TPO: 20260728
UPDATE_TARGET_TPO: 20260729
UPDATE_TARGET_TPO: 20260730UPDATE_TARGET_TPO: 20260731
UPDATE_TARGET_TPO: 20260803

UPDATE_TARGET_TPO: 20260804
UPDATE_TARGET_TPO: 20260805
UPDATE_TARGET_TPO: 20260806
UPDATE_TARGET_TPO: 20260807
UPDATE_TARGET_TPO: 20260810
UPDATE_TARGET_TPO: 20260811
UPDATE_TARGET_TPO: 20260812
UPDATE_TARGET_TPO: 20260813
UPDATE_TARGET_TPO: 20260814
UPDATE_TARGET_TPO: 20260818
UPDATE_TARGET_TPO: 20260817
UPDATE_TARGET_TPO: 20260819
===== UPDATE_STRATEGY_TPO_5 完成 =====

===== UPDATE_TARGET_TPO_3 =====
UPDATE_TARGET_CANDIDATE: 20260105
UPDATE_TARGET_CANDIDATE: 20260106
UPDATE_TARGET_CANDIDATE: 20260107
UPDATE_TARGET_CANDIDATE: 20260108
UPDATE_TARGET_CANDIDATE: 20260109
UPDATE_TARGET_CANDIDATE: 20260112
UPDATE_TARGET_CANDIDATE: 20260113
UPDATE_TARGET_CANDIDATE: 20260114
UPDATE_TARGET_CANDIDATE: 20260115
UPDATE_TARGET_CANDIDATE: 20260116
UPDATE_TARGET_CANDIDATE: 20260119
UPDATE_TARGET_CANDIDATE: 20260120
UPDATE_TARGET_CANDIDATE: 20260121
UPDATE_TARGET_CANDIDATE: 20260122
UPDATE_TARGET_CANDIDATE: 20260123
UPDATE_TARGET_CANDIDATE: 20260127
UPDATE_TARGET_CANDIDATE: 20260126
UPDATE_TARGET_CANDIDATE: 20260128
UPDATE_TARGET_CANDIDATE: 20260129
UPDATE_TARGET_CANDIDATE: 20260130
UPDATE_TARGET_CANDIDATE: 20260202
UPDATE_TARGET_CANDIDATE: 20260203
UPDATE_TARGET_CANDIDATE: 20260204
UPDATE_TARGET_CANDIDATE: 20260205
UPDATE_TARGET_CANDIDATE: 20260206
UPDATE_TARGET_CANDIDATE: 20260209
UPDATE_TARGET_CANDIDATE: 20260210
UPDATE_TARGET_CANDIDATE: 20260211
UPDATE_TARGET_CANDIDATE: 20260212
UPDATE_TARGET_CANDIDATE: 20260213
UPDATE_TARGET_CANDIDATE: 20260224
UPDATE_TARGET_CANDIDATE: 20260225
UPDATE_TARGET_CANDIDATE: 20260226
UPDATE_TARGET_CANDIDATE: 20260227
UPDATE_TARGET_CANDIDATE: 20260302
UPDATE_TARGET_CANDIDATE: 20260303
UPDATE_TARGET_CANDIDATE: 20260304
UPDATE_TARGET_CANDIDATE: 20260305
UPDATE_TARGET_CANDIDATE: 20260306
UPDATE_TARGET_CANDIDATE: 20260309
UPDATE_TARGET_CANDIDATE: 20260310
UPDATE_TARGET_CANDIDATE: 20260311
UPDATE_TARGET_CANDIDATE: 20260312
UPDATE_TARGET_CANDIDATE: 20260313
UPDATE_TARGET_CANDIDATE: 20260316
UPDATE_TARGET_CANDIDATE: 20260317
UPDATE_TARGET_CANDIDATE: 20260318
UPDATE_TARGET_CANDIDATE: 20260319
UPDATE_TARGET_CANDIDATE: 20260320
UPDATE_TARGET_CANDIDATE: 20260323
UPDATE_TARGET_CANDIDATE: 20260324
UPDATE_TARGET_CANDIDATE: 20260325
UPDATE_TARGET_CANDIDATE: 20260326
UPDATE_TARGET_CANDIDATE: 20260327
UPDATE_TARGET_CANDIDATE: 20260330
UPDATE_TARGET_CANDIDATE: 20260331
UPDATE_TARGET_CANDIDATE: 20260401
UPDATE_TARGET_CANDIDATE: 20260402
UPDATE_TARGET_CANDIDATE: 20260403
UPDATE_TARGET_CANDIDATE: 20260407
UPDATE_TARGET_CANDIDATE: 20260408
UPDATE_TARGET_CANDIDATE: 20260409
UPDATE_TARGET_CANDIDATE: 20260410
UPDATE_TARGET_CANDIDATE: 20260413
UPDATE_TARGET_CANDIDATE: 20260414
UPDATE_TARGET_CANDIDATE: 20260415
UPDATE_TARGET_CANDIDATE: 20260416
UPDATE_TARGET_CANDIDATE: 20260417
UPDATE_TARGET_CANDIDATE: 20260420
UPDATE_TARGET_CANDIDATE: 20260421
UPDATE_TARGET_CANDIDATE: 20260422
UPDATE_TARGET_CANDIDATE: 20260423
UPDATE_TARGET_CANDIDATE: 20260424
UPDATE_TARGET_CANDIDATE: 20260427
UPDATE_TARGET_CANDIDATE: 20260428
UPDATE_TARGET_CANDIDATE: 20260429
UPDATE_TARGET_CANDIDATE: 20260430
UPDATE_TARGET_CANDIDATE: 20260506
UPDATE_TARGET_CANDIDATE: 20260507
UPDATE_TARGET_CANDIDATE: 20260508
UPDATE_TARGET_CANDIDATE: 20260511
UPDATE_TARGET_CANDIDATE: 20260512
UPDATE_TARGET_CANDIDATE: 20260513
UPDATE_TARGET_CANDIDATE: 20260514
UPDATE_TARGET_CANDIDATE: 20260515
UPDATE_TARGET_CANDIDATE: 20260518
UPDATE_TARGET_CANDIDATE: 20260519
UPDATE_TARGET_CANDIDATE: 20260520
UPDATE_TARGET_CANDIDATE: 20260521
UPDATE_TARGET_CANDIDATE: 20260522
UPDATE_TARGET_CANDIDATE: 20260525
UPDATE_TARGET_CANDIDATE: 20260526
UPDATE_TARGET_CANDIDATE: 20260527
UPDATE_TARGET_CANDIDATE: 20260528
UPDATE_TARGET_CANDIDATE: 20260529
UPDATE_TARGET_CANDIDATE: 20260601
UPDATE_TARGET_CANDIDATE: 20260602
UPDATE_TARGET_CANDIDATE: 20260603
UPDATE_TARGET_CANDIDATE: 20260604
UPDATE_TARGET_CANDIDATE: 20260605
UPDATE_TARGET_CANDIDATE: 20260608
UPDATE_TARGET_CANDIDATE: 20260609
UPDATE_TARGET_CANDIDATE: 20260610
UPDATE_TARGET_CANDIDATE: 20260611
UPDATE_TARGET_CANDIDATE: 20260612
UPDATE_TARGET_CANDIDATE: 20260615
UPDATE_TARGET_CANDIDATE: 20260616
UPDATE_TARGET_CANDIDATE: 20260617
UPDATE_TARGET_CANDIDATE: 20260618
UPDATE_TARGET_CANDIDATE: 20260622
UPDATE_TARGET_CANDIDATE: 20260623
UPDATE_TARGET_CANDIDATE: 20260624
UPDATE_TARGET_CANDIDATE: 20260625
UPDATE_TARGET_CANDIDATE: 20260626
UPDATE_TARGET_CANDIDATE: 20260629
UPDATE_TARGET_CANDIDATE: 20260630
UPDATE_TARGET_CANDIDATE: 20260701
UPDATE_TARGET_CANDIDATE: 20260702
UPDATE_TARGET_CANDIDATE: 20260703
UPDATE_TARGET_CANDIDATE: 20260706
UPDATE_TARGET_CANDIDATE: 20260707
UPDATE_TARGET_CANDIDATE: 20260708
UPDATE_TARGET_CANDIDATE: 20260709
UPDATE_TARGET_CANDIDATE: 20260710
UPDATE_TARGET_CANDIDATE: 20260713
UPDATE_TARGET_CANDIDATE: 20260714
UPDATE_TARGET_CANDIDATE: 20260715
UPDATE_TARGET_CANDIDATE: 20260716
UPDATE_TARGET_CANDIDATE: 20260717
UPDATE_TARGET_CANDIDATE: 20260720
UPDATE_TARGET_CANDIDATE: 20260721
UPDATE_TARGET_CANDIDATE: 20260722
UPDATE_TARGET_CANDIDATE: 20260723
UPDATE_TARGET_CANDIDATE: 20260724
UPDATE_TARGET_CANDIDATE: 20260727
UPDATE_TARGET_CANDIDATE: 20260728
UPDATE_TARGET_CANDIDATE: 20260729
UPDATE_TARGET_CANDIDATE: 20260730
UPDATE_TARGET_CANDIDATE: 20260731
UPDATE_TARGET_CANDIDATE: 20260803
UPDATE_TARGET_CANDIDATE: 20260804
UPDATE_TARGET_CANDIDATE: 20260805
UPDATE_TARGET_CANDIDATE: 20260806
UPDATE_TARGET_CANDIDATE: 20260807
UPDATE_TARGET_CANDIDATE: 20260810
UPDATE_TARGET_CANDIDATE: 20260811
UPDATE_TARGET_CANDIDATE: 20260812
UPDATE_TARGET_CANDIDATE: 20260813
UPDATE_TARGET_CANDIDATE: 20260814
UPDATE_TARGET_CANDIDATE: 20260817
UPDATE_TARGET_CANDIDATE: 20260818
UPDATE_TARGET_CANDIDATE: 20260819
===== UPDATE_TARGET_TPO_3 完成 =====

===== UPDATE_TARGET_TPO_4 =====
UPDATE_TARGET_CANDIDATE: 20260105
UPDATE_TARGET_CANDIDATE: 20260106
UPDATE_TARGET_CANDIDATE: 20260107
UPDATE_TARGET_CANDIDATE: 20260108
UPDATE_TARGET_CANDIDATE: 20260109
UPDATE_TARGET_CANDIDATE: 20260112
UPDATE_TARGET_CANDIDATE: 20260113
UPDATE_TARGET_CANDIDATE: 20260114
UPDATE_TARGET_CANDIDATE: 20260115
UPDATE_TARGET_CANDIDATE: 20260116
UPDATE_TARGET_CANDIDATE: 20260119
UPDATE_TARGET_CANDIDATE: 20260120
UPDATE_TARGET_CANDIDATE: 20260121
UPDATE_TARGET_CANDIDATE: 20260122
UPDATE_TARGET_CANDIDATE: 20260123
UPDATE_TARGET_CANDIDATE: 20260126
UPDATE_TARGET_CANDIDATE: 20260127
UPDATE_TARGET_CANDIDATE: 20260128
UPDATE_TARGET_CANDIDATE: 20260129
UPDATE_TARGET_CANDIDATE: 20260130
UPDATE_TARGET_CANDIDATE: 20260202
UPDATE_TARGET_CANDIDATE: 20260203
UPDATE_TARGET_CANDIDATE: 20260204
UPDATE_TARGET_CANDIDATE: 20260205
UPDATE_TARGET_CANDIDATE: 20260206
UPDATE_TARGET_CANDIDATE: 20260209
UPDATE_TARGET_CANDIDATE: 20260210
UPDATE_TARGET_CANDIDATE: 20260211
UPDATE_TARGET_CANDIDATE: 20260212
UPDATE_TARGET_CANDIDATE: 20260213
UPDATE_TARGET_CANDIDATE: 20260224
UPDATE_TARGET_CANDIDATE: 20260225
UPDATE_TARGET_CANDIDATE: 20260226
UPDATE_TARGET_CANDIDATE: 20260227
UPDATE_TARGET_CANDIDATE: 20260302
UPDATE_TARGET_CANDIDATE: 20260303
UPDATE_TARGET_CANDIDATE: 20260304
UPDATE_TARGET_CANDIDATE: 20260305
UPDATE_TARGET_CANDIDATE: 20260306
UPDATE_TARGET_CANDIDATE: 20260309
UPDATE_TARGET_CANDIDATE: 20260310
UPDATE_TARGET_CANDIDATE: 20260311
UPDATE_TARGET_CANDIDATE: 20260312
UPDATE_TARGET_CANDIDATE: 20260313
UPDATE_TARGET_CANDIDATE: 20260316
UPDATE_TARGET_CANDIDATE: 20260317
UPDATE_TARGET_CANDIDATE: 20260319
UPDATE_TARGET_CANDIDATE: 20260318
UPDATE_TARGET_CANDIDATE: 20260320
UPDATE_TARGET_CANDIDATE: 20260323
UPDATE_TARGET_CANDIDATE: 20260324
UPDATE_TARGET_CANDIDATE: 20260325
UPDATE_TARGET_CANDIDATE: 20260326
UPDATE_TARGET_CANDIDATE: 20260327
UPDATE_TARGET_CANDIDATE: 20260330
UPDATE_TARGET_CANDIDATE: 20260331
UPDATE_TARGET_CANDIDATE: 20260401
UPDATE_TARGET_CANDIDATE: 20260402
UPDATE_TARGET_CANDIDATE: 20260403
UPDATE_TARGET_CANDIDATE: 20260407
UPDATE_TARGET_CANDIDATE: 20260408
UPDATE_TARGET_CANDIDATE: 20260409
UPDATE_TARGET_CANDIDATE: 20260410
UPDATE_TARGET_CANDIDATE: 20260413
UPDATE_TARGET_CANDIDATE: 20260414
UPDATE_TARGET_CANDIDATE: 20260415
UPDATE_TARGET_CANDIDATE: 20260416
UPDATE_TARGET_CANDIDATE: 20260417
UPDATE_TARGET_CANDIDATE: 20260420
UPDATE_TARGET_CANDIDATE: 20260421
UPDATE_TARGET_CANDIDATE: 20260422
UPDATE_TARGET_CANDIDATE: 20260423
UPDATE_TARGET_CANDIDATE: 20260424
UPDATE_TARGET_CANDIDATE: 20260427
UPDATE_TARGET_CANDIDATE: 20260428
UPDATE_TARGET_CANDIDATE: 20260429
UPDATE_TARGET_CANDIDATE: 20260430
UPDATE_TARGET_CANDIDATE: 20260506
UPDATE_TARGET_CANDIDATE: 20260507
UPDATE_TARGET_CANDIDATE: 20260508
UPDATE_TARGET_CANDIDATE: 20260511
UPDATE_TARGET_CANDIDATE: 20260512
UPDATE_TARGET_CANDIDATE: 20260513
UPDATE_TARGET_CANDIDATE: 20260514
UPDATE_TARGET_CANDIDATE: 20260515
UPDATE_TARGET_CANDIDATE: 20260518
UPDATE_TARGET_CANDIDATE: 20260519
UPDATE_TARGET_CANDIDATE: 20260520
UPDATE_TARGET_CANDIDATE: 20260521
UPDATE_TARGET_CANDIDATE: 20260522
UPDATE_TARGET_CANDIDATE: 20260526
UPDATE_TARGET_CANDIDATE: 20260525
UPDATE_TARGET_CANDIDATE: 20260527
UPDATE_TARGET_CANDIDATE: 20260528
UPDATE_TARGET_CANDIDATE: 20260529
UPDATE_TARGET_CANDIDATE: 20260601
UPDATE_TARGET_CANDIDATE: 20260602
UPDATE_TARGET_CANDIDATE: 20260603
UPDATE_TARGET_CANDIDATE: 20260604
UPDATE_TARGET_CANDIDATE: 20260605
UPDATE_TARGET_CANDIDATE: 20260608
UPDATE_TARGET_CANDIDATE: 20260609
UPDATE_TARGET_CANDIDATE: 20260610
UPDATE_TARGET_CANDIDATE: 20260612
UPDATE_TARGET_CANDIDATE: 20260611
UPDATE_TARGET_CANDIDATE: 20260615
UPDATE_TARGET_CANDIDATE: 20260616
UPDATE_TARGET_CANDIDATE: 20260617
UPDATE_TARGET_CANDIDATE: 20260618
UPDATE_TARGET_CANDIDATE: 20260622
UPDATE_TARGET_CANDIDATE: 20260623
UPDATE_TARGET_CANDIDATE: 20260626
UPDATE_TARGET_CANDIDATE: 20260624
UPDATE_TARGET_CANDIDATE: 20260629
UPDATE_TARGET_CANDIDATE: 20260625
UPDATE_TARGET_CANDIDATE: 20260630
UPDATE_TARGET_CANDIDATE: 20260701
UPDATE_TARGET_CANDIDATE: 20260702
UPDATE_TARGET_CANDIDATE: 20260703
UPDATE_TARGET_CANDIDATE: 20260706
UPDATE_TARGET_CANDIDATE: 20260707
UPDATE_TARGET_CANDIDATE: 20260708
UPDATE_TARGET_CANDIDATE: 20260709
UPDATE_TARGET_CANDIDATE: 20260710
UPDATE_TARGET_CANDIDATE: 20260713
UPDATE_TARGET_CANDIDATE: 20260714
UPDATE_TARGET_CANDIDATE: 20260715
UPDATE_TARGET_CANDIDATE: 20260716
UPDATE_TARGET_CANDIDATE: 20260717
UPDATE_TARGET_CANDIDATE: 20260720
UPDATE_TARGET_CANDIDATE: 20260721
UPDATE_TARGET_CANDIDATE: 20260722
UPDATE_TARGET_CANDIDATE: 20260723
UPDATE_TARGET_CANDIDATE: 20260724
UPDATE_TARGET_CANDIDATE: 20260727
UPDATE_TARGET_CANDIDATE: 20260728
UPDATE_TARGET_CANDIDATE: 20260729
UPDATE_TARGET_CANDIDATE: 20260730
UPDATE_TARGET_CANDIDATE: 20260731
UPDATE_TARGET_CANDIDATE: 20260803
UPDATE_TARGET_CANDIDATE: 20260804
UPDATE_TARGET_CANDIDATE: 20260805
UPDATE_TARGET_CANDIDATE: 20260806
UPDATE_TARGET_CANDIDATE: 20260807
UPDATE_TARGET_CANDIDATE: 20260810
UPDATE_TARGET_CANDIDATE: 20260811
UPDATE_TARGET_CANDIDATE: 20260812
UPDATE_TARGET_CANDIDATE: 20260813
UPDATE_TARGET_CANDIDATE: 20260814
UPDATE_TARGET_CANDIDATE: 20260817
UPDATE_TARGET_CANDIDATE: 20260818
UPDATE_TARGET_CANDIDATE: 20260819
===== UPDATE_TARGET_TPO_4 完成 =====

===== UPDATE_TARGET_TPO_5 =====
UPDATE_TARGET_CANDIDATE: 20260105
UPDATE_TARGET_CANDIDATE: 20260106
UPDATE_TARGET_CANDIDATE: 20260107
UPDATE_TARGET_CANDIDATE: 20260108
UPDATE_TARGET_CANDIDATE: 20260109
UPDATE_TARGET_CANDIDATE: 20260112
UPDATE_TARGET_CANDIDATE: 20260113
UPDATE_TARGET_CANDIDATE: 20260114
UPDATE_TARGET_CANDIDATE: 20260115
UPDATE_TARGET_CANDIDATE: 20260116
UPDATE_TARGET_CANDIDATE: 20260119
UPDATE_TARGET_CANDIDATE: 20260120
UPDATE_TARGET_CANDIDATE: 20260121
UPDATE_TARGET_CANDIDATE: 20260122
UPDATE_TARGET_CANDIDATE: 20260123
UPDATE_TARGET_CANDIDATE: 20260126
UPDATE_TARGET_CANDIDATE: 20260127
UPDATE_TARGET_CANDIDATE: 20260128
UPDATE_TARGET_CANDIDATE: 20260129
UPDATE_TARGET_CANDIDATE: 20260130
UPDATE_TARGET_CANDIDATE: 20260202
UPDATE_TARGET_CANDIDATE: 20260203
UPDATE_TARGET_CANDIDATE: 20260204
UPDATE_TARGET_CANDIDATE: 20260205
UPDATE_TARGET_CANDIDATE: 20260206
UPDATE_TARGET_CANDIDATE: 20260209
UPDATE_TARGET_CANDIDATE: 20260210
UPDATE_TARGET_CANDIDATE: 20260211
UPDATE_TARGET_CANDIDATE: 20260212
UPDATE_TARGET_CANDIDATE: 20260213
UPDATE_TARGET_CANDIDATE: 20260224
UPDATE_TARGET_CANDIDATE: 20260226
UPDATE_TARGET_CANDIDATE: 20260225
UPDATE_TARGET_CANDIDATE: 20260227
UPDATE_TARGET_CANDIDATE: 20260302
UPDATE_TARGET_CANDIDATE: 20260303
UPDATE_TARGET_CANDIDATE: 20260304
UPDATE_TARGET_CANDIDATE: 20260305
UPDATE_TARGET_CANDIDATE: 20260306
UPDATE_TARGET_CANDIDATE: 20260309
UPDATE_TARGET_CANDIDATE: 20260310
UPDATE_TARGET_CANDIDATE: 20260311
UPDATE_TARGET_CANDIDATE: 20260312
UPDATE_TARGET_CANDIDATE: 20260313
UPDATE_TARGET_CANDIDATE: 20260316
UPDATE_TARGET_CANDIDATE: 20260317
UPDATE_TARGET_CANDIDATE: 20260318
UPDATE_TARGET_CANDIDATE: 20260319
UPDATE_TARGET_CANDIDATE: 20260320
UPDATE_TARGET_CANDIDATE: 20260323
UPDATE_TARGET_CANDIDATE: 20260325
UPDATE_TARGET_CANDIDATE: 20260324
UPDATE_TARGET_CANDIDATE: 20260326
UPDATE_TARGET_CANDIDATE: 20260327
UPDATE_TARGET_CANDIDATE: 20260331
UPDATE_TARGET_CANDIDATE: 20260330
UPDATE_TARGET_CANDIDATE: 20260403
UPDATE_TARGET_CANDIDATE: 20260401
UPDATE_TARGET_CANDIDATE: 20260407
UPDATE_TARGET_CANDIDATE: 20260402
UPDATE_TARGET_CANDIDATE: 20260408
UPDATE_TARGET_CANDIDATE: 20260409
UPDATE_TARGET_CANDIDATE: 20260410
UPDATE_TARGET_CANDIDATE: 20260413
UPDATE_TARGET_CANDIDATE: 20260414
UPDATE_TARGET_CANDIDATE: 20260415
UPDATE_TARGET_CANDIDATE: 20260416
UPDATE_TARGET_CANDIDATE: 20260417
UPDATE_TARGET_CANDIDATE: 20260420
UPDATE_TARGET_CANDIDATE: 20260421
UPDATE_TARGET_CANDIDATE: 20260422
UPDATE_TARGET_CANDIDATE: 20260423
UPDATE_TARGET_CANDIDATE: 20260424
UPDATE_TARGET_CANDIDATE: 20260427
UPDATE_TARGET_CANDIDATE: 20260428
UPDATE_TARGET_CANDIDATE: 20260429
UPDATE_TARGET_CANDIDATE: 20260430
UPDATE_TARGET_CANDIDATE: 20260506
UPDATE_TARGET_CANDIDATE: 20260507
UPDATE_TARGET_CANDIDATE: 20260508
UPDATE_TARGET_CANDIDATE: 20260511
UPDATE_TARGET_CANDIDATE: 20260512
UPDATE_TARGET_CANDIDATE: 20260513
UPDATE_TARGET_CANDIDATE: 20260514
UPDATE_TARGET_CANDIDATE: 20260515
UPDATE_TARGET_CANDIDATE: 20260518
UPDATE_TARGET_CANDIDATE: 20260519
UPDATE_TARGET_CANDIDATE: 20260520
UPDATE_TARGET_CANDIDATE: 20260521
UPDATE_TARGET_CANDIDATE: 20260522
UPDATE_TARGET_CANDIDATE: 20260525
UPDATE_TARGET_CANDIDATE: 20260526
UPDATE_TARGET_CANDIDATE: 20260527
UPDATE_TARGET_CANDIDATE: 20260528
UPDATE_TARGET_CANDIDATE: 20260529
UPDATE_TARGET_CANDIDATE: 20260601
UPDATE_TARGET_CANDIDATE: 20260602
UPDATE_TARGET_CANDIDATE: 20260604
UPDATE_TARGET_CANDIDATE: 20260603
UPDATE_TARGET_CANDIDATE: 20260605
UPDATE_TARGET_CANDIDATE: 20260608
UPDATE_TARGET_CANDIDATE: 20260609
UPDATE_TARGET_CANDIDATE: 20260611
UPDATE_TARGET_CANDIDATE: 20260610
UPDATE_TARGET_CANDIDATE: 20260612
UPDATE_TARGET_CANDIDATE: 20260615
UPDATE_TARGET_CANDIDATE: 20260616
UPDATE_TARGET_CANDIDATE: 20260617
UPDATE_TARGET_CANDIDATE: 20260618
UPDATE_TARGET_CANDIDATE: 20260622
UPDATE_TARGET_CANDIDATE: 20260623
UPDATE_TARGET_CANDIDATE: 20260624
UPDATE_TARGET_CANDIDATE: 20260625
UPDATE_TARGET_CANDIDATE: 20260626
UPDATE_TARGET_CANDIDATE: 20260629
UPDATE_TARGET_CANDIDATE: 20260630
UPDATE_TARGET_CANDIDATE: 20260701
UPDATE_TARGET_CANDIDATE: 20260702
UPDATE_TARGET_CANDIDATE: 20260703
UPDATE_TARGET_CANDIDATE: 20260706
UPDATE_TARGET_CANDIDATE: 20260707
UPDATE_TARGET_CANDIDATE: 20260708
UPDATE_TARGET_CANDIDATE: 20260709
UPDATE_TARGET_CANDIDATE: 20260710
UPDATE_TARGET_CANDIDATE: 20260713
UPDATE_TARGET_CANDIDATE: 20260714
UPDATE_TARGET_CANDIDATE: 20260715
UPDATE_TARGET_CANDIDATE: 20260716
UPDATE_TARGET_CANDIDATE: 20260717
UPDATE_TARGET_CANDIDATE: 20260720
UPDATE_TARGET_CANDIDATE: 20260721
UPDATE_TARGET_CANDIDATE: 20260722
UPDATE_TARGET_CANDIDATE: 20260723
UPDATE_TARGET_CANDIDATE: 20260724
UPDATE_TARGET_CANDIDATE: 20260727
UPDATE_TARGET_CANDIDATE: 20260728
UPDATE_TARGET_CANDIDATE: 20260729
UPDATE_TARGET_CANDIDATE: 20260730
UPDATE_TARGET_CANDIDATE: 20260731
UPDATE_TARGET_CANDIDATE: 20260803
UPDATE_TARGET_CANDIDATE: 20260804
UPDATE_TARGET_CANDIDATE: 20260805
UPDATE_TARGET_CANDIDATE: 20260806
UPDATE_TARGET_CANDIDATE: 20260807
UPDATE_TARGET_CANDIDATE: 20260810
UPDATE_TARGET_CANDIDATE: 20260811
UPDATE_TARGET_CANDIDATE: 20260812
UPDATE_TARGET_CANDIDATE: 20260813
UPDATE_TARGET_CANDIDATE: 20260814
UPDATE_TARGET_CANDIDATE: 20260817
UPDATE_TARGET_CANDIDATE: 20260818
UPDATE_TARGET_CANDIDATE: 20260819
===== UPDATE_TARGET_TPO_5 完成 =====

===== 清理残留目录 =====
[safe-delete][SAFE_DELETE_BULK_CONFIRM_REQUIRED] {"count":50,"threshold":50,"scope":"turn","targets":["e:\\Lazy\\MarcoAI\\AIData\\STRATEGY\\TPO_3.old_1787146543\\20260323"],"targetCount":1}
!!!!! 清理残留目录 FAILED: SystemExit: 1
全部数据更新完成
TQ数据连接已关闭
